------------------------------------------------------------
TimeQuest Timing Analyzer Summary
------------------------------------------------------------

Type  : Slow 1100mV 85C Model Setup 'clk'
Slack : -6.150
TNS   : -254.692

Type  : Slow 1100mV 85C Model Setup 'FrequencyDivider2:clk2|div_clk'
Slack : -2.899
TNS   : -73.445

Type  : Slow 1100mV 85C Model Hold 'clk'
Slack : 0.441
TNS   : 0.000

Type  : Slow 1100mV 85C Model Hold 'FrequencyDivider2:clk2|div_clk'
Slack : 0.717
TNS   : 0.000

Type  : Slow 1100mV 85C Model Minimum Pulse Width 'clk'
Slack : -0.538
TNS   : -64.935

Type  : Slow 1100mV 85C Model Minimum Pulse Width 'FrequencyDivider2:clk2|div_clk'
Slack : -0.538
TNS   : -29.894

Type  : Slow 1100mV 0C Model Setup 'clk'
Slack : -6.336
TNS   : -251.058

Type  : Slow 1100mV 0C Model Setup 'FrequencyDivider2:clk2|div_clk'
Slack : -3.185
TNS   : -77.663

Type  : Slow 1100mV 0C Model Hold 'clk'
Slack : 0.447
TNS   : 0.000

Type  : Slow 1100mV 0C Model Hold 'FrequencyDivider2:clk2|div_clk'
Slack : 0.702
TNS   : 0.000

Type  : Slow 1100mV 0C Model Minimum Pulse Width 'clk'
Slack : -0.538
TNS   : -66.770

Type  : Slow 1100mV 0C Model Minimum Pulse Width 'FrequencyDivider2:clk2|div_clk'
Slack : -0.538
TNS   : -30.760

Type  : Fast 1100mV 85C Model Setup 'clk'
Slack : -3.407
TNS   : -90.484

Type  : Fast 1100mV 85C Model Setup 'FrequencyDivider2:clk2|div_clk'
Slack : -1.263
TNS   : -29.271

Type  : Fast 1100mV 85C Model Hold 'clk'
Slack : 0.201
TNS   : 0.000

Type  : Fast 1100mV 85C Model Hold 'FrequencyDivider2:clk2|div_clk'
Slack : 0.292
TNS   : 0.000

Type  : Fast 1100mV 85C Model Minimum Pulse Width 'clk'
Slack : -0.463
TNS   : -8.222

Type  : Fast 1100mV 85C Model Minimum Pulse Width 'FrequencyDivider2:clk2|div_clk'
Slack : -0.007
TNS   : -0.104

Type  : Fast 1100mV 0C Model Setup 'clk'
Slack : -3.102
TNS   : -76.715

Type  : Fast 1100mV 0C Model Setup 'FrequencyDivider2:clk2|div_clk'
Slack : -1.279
TNS   : -27.767

Type  : Fast 1100mV 0C Model Hold 'clk'
Slack : 0.188
TNS   : 0.000

Type  : Fast 1100mV 0C Model Hold 'FrequencyDivider2:clk2|div_clk'
Slack : 0.260
TNS   : 0.000

Type  : Fast 1100mV 0C Model Minimum Pulse Width 'clk'
Slack : -0.462
TNS   : -8.363

Type  : Fast 1100mV 0C Model Minimum Pulse Width 'FrequencyDivider2:clk2|div_clk'
Slack : 0.006
TNS   : 0.000

------------------------------------------------------------
