------------------------------------------------------------
Timing Analyzer Summary
------------------------------------------------------------

Type  : Slow 1100mV 85C Model Setup 'FrequencyDivider:divClock|div_clk'
Slack : -8.409
TNS   : -214.543

Type  : Slow 1100mV 85C Model Setup 'clk'
Slack : -6.130
TNS   : -115.535

Type  : Slow 1100mV 85C Model Setup 'g'
Slack : -1.192
TNS   : -4.382

Type  : Slow 1100mV 85C Model Setup 'b'
Slack : -1.064
TNS   : -6.537

Type  : Slow 1100mV 85C Model Setup 'r'
Slack : -1.056
TNS   : -4.509

Type  : Slow 1100mV 85C Model Hold 'FrequencyDivider:divClock|div_clk'
Slack : 0.351
TNS   : 0.000

Type  : Slow 1100mV 85C Model Hold 'g'
Slack : 0.363
TNS   : 0.000

Type  : Slow 1100mV 85C Model Hold 'r'
Slack : 0.399
TNS   : 0.000

Type  : Slow 1100mV 85C Model Hold 'b'
Slack : 0.421
TNS   : 0.000

Type  : Slow 1100mV 85C Model Hold 'clk'
Slack : 0.436
TNS   : 0.000

Type  : Slow 1100mV 85C Model Minimum Pulse Width 'FrequencyDivider:divClock|div_clk'
Slack : -0.538
TNS   : -44.570

Type  : Slow 1100mV 85C Model Minimum Pulse Width 'clk'
Slack : -0.538
TNS   : -25.654

Type  : Slow 1100mV 85C Model Minimum Pulse Width 'b'
Slack : -0.538
TNS   : -5.559

Type  : Slow 1100mV 85C Model Minimum Pulse Width 'r'
Slack : -0.538
TNS   : -4.725

Type  : Slow 1100mV 85C Model Minimum Pulse Width 'g'
Slack : -0.538
TNS   : -3.944

Type  : Slow 1100mV 0C Model Setup 'FrequencyDivider:divClock|div_clk'
Slack : -8.367
TNS   : -210.832

Type  : Slow 1100mV 0C Model Setup 'clk'
Slack : -6.184
TNS   : -112.567

Type  : Slow 1100mV 0C Model Setup 'g'
Slack : -1.178
TNS   : -4.130

Type  : Slow 1100mV 0C Model Setup 'b'
Slack : -1.033
TNS   : -6.254

Type  : Slow 1100mV 0C Model Setup 'r'
Slack : -1.020
TNS   : -4.116

Type  : Slow 1100mV 0C Model Hold 'FrequencyDivider:divClock|div_clk'
Slack : 0.358
TNS   : 0.000

Type  : Slow 1100mV 0C Model Hold 'g'
Slack : 0.385
TNS   : 0.000

Type  : Slow 1100mV 0C Model Hold 'r'
Slack : 0.412
TNS   : 0.000

Type  : Slow 1100mV 0C Model Hold 'b'
Slack : 0.435
TNS   : 0.000

Type  : Slow 1100mV 0C Model Hold 'clk'
Slack : 0.443
TNS   : 0.000

Type  : Slow 1100mV 0C Model Minimum Pulse Width 'FrequencyDivider:divClock|div_clk'
Slack : -0.538
TNS   : -44.211

Type  : Slow 1100mV 0C Model Minimum Pulse Width 'clk'
Slack : -0.538
TNS   : -26.928

Type  : Slow 1100mV 0C Model Minimum Pulse Width 'b'
Slack : -0.538
TNS   : -5.533

Type  : Slow 1100mV 0C Model Minimum Pulse Width 'r'
Slack : -0.538
TNS   : -4.445

Type  : Slow 1100mV 0C Model Minimum Pulse Width 'g'
Slack : -0.538
TNS   : -3.946

Type  : Fast 1100mV 85C Model Setup 'FrequencyDivider:divClock|div_clk'
Slack : -4.248
TNS   : -89.014

Type  : Fast 1100mV 85C Model Setup 'clk'
Slack : -3.370
TNS   : -47.464

Type  : Fast 1100mV 85C Model Setup 'g'
Slack : 0.018
TNS   : 0.000

Type  : Fast 1100mV 85C Model Setup 'b'
Slack : 0.087
TNS   : 0.000

Type  : Fast 1100mV 85C Model Setup 'r'
Slack : 0.091
TNS   : 0.000

Type  : Fast 1100mV 85C Model Hold 'FrequencyDivider:divClock|div_clk'
Slack : 0.100
TNS   : 0.000

Type  : Fast 1100mV 85C Model Hold 'clk'
Slack : 0.198
TNS   : 0.000

Type  : Fast 1100mV 85C Model Hold 'g'
Slack : 0.277
TNS   : 0.000

Type  : Fast 1100mV 85C Model Hold 'r'
Slack : 0.303
TNS   : 0.000

Type  : Fast 1100mV 85C Model Hold 'b'
Slack : 0.307
TNS   : 0.000

Type  : Fast 1100mV 85C Model Minimum Pulse Width 'clk'
Slack : -0.454
TNS   : -3.423

Type  : Fast 1100mV 85C Model Minimum Pulse Width 'r'
Slack : -0.395
TNS   : -2.724

Type  : Fast 1100mV 85C Model Minimum Pulse Width 'g'
Slack : -0.266
TNS   : -1.440

Type  : Fast 1100mV 85C Model Minimum Pulse Width 'b'
Slack : -0.256
TNS   : -1.869

Type  : Fast 1100mV 85C Model Minimum Pulse Width 'FrequencyDivider:divClock|div_clk'
Slack : 0.023
TNS   : 0.000

Type  : Fast 1100mV 0C Model Setup 'FrequencyDivider:divClock|div_clk'
Slack : -4.099
TNS   : -81.997

Type  : Fast 1100mV 0C Model Setup 'clk'
Slack : -3.023
TNS   : -40.621

Type  : Fast 1100mV 0C Model Setup 'g'
Slack : 0.080
TNS   : 0.000

Type  : Fast 1100mV 0C Model Setup 'b'
Slack : 0.151
TNS   : 0.000

Type  : Fast 1100mV 0C Model Setup 'r'
Slack : 0.162
TNS   : 0.000

Type  : Fast 1100mV 0C Model Hold 'FrequencyDivider:divClock|div_clk'
Slack : 0.086
TNS   : 0.000

Type  : Fast 1100mV 0C Model Hold 'clk'
Slack : 0.188
TNS   : 0.000

Type  : Fast 1100mV 0C Model Hold 'g'
Slack : 0.257
TNS   : 0.000

Type  : Fast 1100mV 0C Model Hold 'r'
Slack : 0.282
TNS   : 0.000

Type  : Fast 1100mV 0C Model Hold 'b'
Slack : 0.287
TNS   : 0.000

Type  : Fast 1100mV 0C Model Minimum Pulse Width 'clk'
Slack : -0.460
TNS   : -3.472

Type  : Fast 1100mV 0C Model Minimum Pulse Width 'r'
Slack : -0.377
TNS   : -2.463

Type  : Fast 1100mV 0C Model Minimum Pulse Width 'g'
Slack : -0.280
TNS   : -1.527

Type  : Fast 1100mV 0C Model Minimum Pulse Width 'b'
Slack : -0.257
TNS   : -1.864

Type  : Fast 1100mV 0C Model Minimum Pulse Width 'FrequencyDivider:divClock|div_clk'
Slack : 0.050
TNS   : 0.000

------------------------------------------------------------
